src/components/ui/checkbox.tsx(2,1): error TS6133: 'cn' is declared but its value is never read.
src/components/ui/popover.tsx(61,58): error TS6133: 'ref' is declared but its value is never read.
src/components/ui/popover.tsx(68,19): error TS6133: 'handleClickOutside' is declared but its value is never read.
src/features/dashboard/components/DashboardCard.tsx(9,1): error TS6133: 'useNavigate' is declared but its value is never read.
src/features/dashboard/components/DashboardCard.tsx(29,63): error TS6133: 'isError' is declared but its value is never read.
src/features/dashboard/components/DashboardGrid.tsx(3,8): error TS2613: Module '"C:/Users/19803/business/FactoryExcelManager/frontend/src/features/dashboard/components/WidgetSkeleton"' has no default export. Did you mean to use 'import { WidgetSkeleton } from "C:/Users/19803/business/FactoryExcelManager/frontend/src/features/dashboard/components/WidgetSkeleton"' instead?
src/features/dashboard/components/DashboardGrid.tsx(5,10): error TS2305: Module '"../config"' has no exported member 'SIZE_TO_GRID'.
src/features/dashboard/components/DashboardGrid.tsx(26,72): error TS2339: Property 'defaultSize' does not exist on type '{ defaultW: number; defaultH: number; minW: number; minH: number; requiredRawColumns: string[] | undefined; requiredComputedMetrics: string[] | undefined; settingsSchema: ZodType<any, unknown, $ZodTypeInternals<any, unknown>>; ... 10 more ...; id: string; }'.
src/features/dashboard/components/DashboardGrid.tsx(30,38): error TS7053: Element implicitly has an 'any' type because expression of type 'any' can't be used to index type '{ 1: string; 2: string; 3: string; 4: string; }'.
src/features/dashboard/components/DashboardGrid.tsx(50,26): error TS2769: No overload matches this call.
  Overload 1 of 2, '(props: Props): WidgetErrorBoundary', gave the following error.
    Type '{ children: Element; }' is missing the following properties from type 'Readonly<Props>': widgetId, widgetType
  Overload 2 of 2, '(props: Props, context: any): WidgetErrorBoundary', gave the following error.
    Type '{ children: Element; }' is missing the following properties from type 'Readonly<Props>': widgetId, widgetType
src/features/dashboard/components/DashboardWizard.test.tsx(1,26): error TS6133: 'fireEvent' is declared but its value is never read.
src/features/dashboard/components/DashboardWizard.test.tsx(4,10): error TS6133: 'createFactory' is declared but its value is never read.
src/features/dashboard/components/DashboardWizard.test.tsx(4,25): error TS2305: Module '"../../../lib/factoryApi"' has no exported member 'createProductionLine'.
src/features/dashboard/components/DashboardWizard.test.tsx(4,25): error TS6133: 'createProductionLine' is declared but its value is never read.
src/features/dashboard/components/DashboardWizard.test.tsx(4,62): error TS2724: '"../../../lib/factoryApi"' has no exported member named 'listFactoryLines'. Did you mean 'listFactories'?
src/features/dashboard/components/DashboardWizard.tsx(8,25): error TS2724: '"../../../lib/factoryApi"' has no exported member named 'listFactoryLines'. Did you mean 'listFactories'?
src/features/dashboard/components/DashboardWizard.tsx(8,48): error TS2305: Module '"../../../lib/factoryApi"' has no exported member 'ProductionLine'.
src/features/dashboard/components/FactorySettingsModal.tsx(10,11): error TS2430: Interface 'FactoryReadWithSettings' incorrectly extends interface 'FactoryRead'.
  Types of property 'settings' are incompatible.
    Type 'Record<string, any> | FactorySettings | null | undefined' is not assignable to type 'FactoryReadSettings | undefined'.
      Type 'FactorySettings' is not assignable to type 'FactoryReadSettings | undefined'.
        Type 'FactorySettings' is not assignable to type 'FactoryReadSettingsAnyOf'.
          Index signature for type 'string' is missing in type 'FactorySettings'.
src/features/dashboard/hooks/useCreateLine.ts(2,10): error TS2305: Module '"../../../lib/factoryApi"' has no exported member 'createProductionLine'.
src/features/dashboard/hooks/useCreateLine.ts(3,10): error TS2305: Module '"../../../api/endpoints/factories/factories"' has no exported member 'getListProductionLinesApiV1FactoriesFactoryIdLinesGetQueryKey'.
src/features/dashboard/pages/DynamicDashboardPage.tsx(86,37): error TS2339: Property 'getProductionLine' does not exist on type 'typeof import("C:/Users/19803/business/FactoryExcelManager/frontend/src/lib/factoryApi")'.
src/features/dashboard/pages/DynamicDashboardPage.tsx(177,33): error TS2339: Property 'getProductionLine' does not exist on type 'typeof import("C:/Users/19803/business/FactoryExcelManager/frontend/src/lib/factoryApi")'.
src/features/dashboard/pages/FactoryDetailPage.tsx(27,5): error TS6133: 'Calendar' is declared but its value is never read.
src/features/dashboard/pages/FactoryDetailPage.tsx(28,5): error TS6133: 'Trash2' is declared but its value is never read.
src/features/dashboard/pages/FactoryDetailPage.tsx(33,33): error TS2307: Cannot find module '../../organization/components/CreateLineModal' or its corresponding type declarations.
src/features/dashboard/pages/FactoryDetailPage.tsx(46,5): error TS2305: Module '"../../../api/endpoints/factories/factories"' has no exported member 'useListProductionLinesApiV1FactoriesFactoryIdLinesGet'.
src/features/dashboard/pages/FactoryDetailPage.tsx(120,29): error TS7006: Parameter 'l' implicitly has an 'any' type.
src/features/dashboard/pages/FactoryDetailPage.tsx(145,31): error TS6133: 'lineId' is declared but its value is never read.
src/features/dashboard/pages/FactoryDetailPage.tsx(152,33): error TS7006: Parameter 'l' implicitly has an 'any' type.
src/features/dashboard/pages/FactoryDetailPage.tsx(621,52): error TS7006: Parameter 'line' implicitly has an 'any' type.
src/features/dashboard/pages/FactoryDetailPage.tsx(653,64): error TS7006: Parameter 'line' implicitly has an 'any' type.
src/features/dashboard/pages/ProductionLinePage.tsx(19,5): error TS2305: Module '"../../../api/endpoints/factories/factories"' has no exported member 'useGetProductionLineApiV1FactoriesLinesLineIdGet'.
src/features/dashboard/widgets/KpiSummaryWidget.tsx(36,5): error TS6133: 'settings' is declared but its value is never read.
src/features/dashboard/widgets/SamPerformanceMetric.tsx(16,5): error TS6133: 'settings' is declared but its value is never read.
src/features/dashboard/widgets/SamPerformanceMetric.tsx(17,5): error TS6133: 'w' is declared but its value is never read.
src/features/landing/components/simulation/MockBlockerCloudWidget.tsx(21,11): error TS6133: 'density' is declared but its value is never read.
src/features/landing/components/simulation/MockSpeedQualityWidget.tsx(21,11): error TS6133: 'density' is declared but its value is never read.
src/features/landing/components/simulation/MockSpeedQualityWidget.tsx(23,11): error TS6133: 'qualityThreshold' is declared but its value is never read.
src/features/landing/components/simulation/MockSpeedQualityWidget.tsx(24,11): error TS6133: 'speedThreshold' is declared but its value is never read.
src/features/landing/components/simulation/MockTargetRealizationWidget.tsx(24,7): error TS6133: 'getDensity' is declared but its value is never read.
src/features/landing/components/simulation/MockTargetRealizationWidget.tsx(30,5): error TS6133: 'w' is declared but its value is never read.
src/features/landing/components/simulation/MockTargetRealizationWidget.tsx(30,12): error TS6133: 'h' is declared but its value is never read.
src/features/organization/components/__tests__/MemberDetailsDrawer.test.tsx(1,1): error TS6133: 'React' is declared but its value is never read.
src/features/organization/components/__tests__/MemberDetailsDrawer.test.tsx(6,10): error TS1484: 'MemberRead' is a type and must be imported using a type-only import when 'verbatimModuleSyntax' is enabled.
src/features/organization/components/__tests__/MemberDetailsDrawer.test.tsx(28,17): error TS2353: Object literal may only specify known properties, and 'user_id' does not exist in type 'ScopeRead'.
src/features/organization/components/__tests__/MemberDetailsDrawer.test.tsx(35,17): error TS2353: Object literal may only specify known properties, and 'user_id' does not exist in type 'ScopeRead'.
src/features/organization/components/FactoryEditModal.tsx(2,13): error TS6133: 'CheckCircle' is declared but its value is never read.
src/features/organization/components/MemberDetailsDrawer.tsx(92,38): error TS18048: 'member.scopes' is possibly 'undefined'.
src/features/organization/components/MemberDetailsDrawer.tsx(95,30): error TS18048: 'member.scopes' is possibly 'undefined'.
src/features/organization/components/MemberDetailsDrawer.tsx(99,38): error TS18048: 'member.scopes' is possibly 'undefined'.
src/features/organization/pages/FactoryConfigurationPage.tsx(23,11): error TS6133: 'navigate' is declared but its value is never read.
src/features/organization/pages/OrgMembersPage.tsx(1,8): error TS6133: 'React' is declared but its value is never read.
src/features/organization/pages/OrgMembersPage.tsx(91,42): error TS18048: 'member.scopes' is possibly 'undefined'.
src/features/organization/pages/OrgMembersPage.tsx(93,50): error TS18048: 'member.scopes' is possibly 'undefined'.
src/hooks/useDateFormatter.ts(13,13): error TS2339: Property 'activeFactory' does not exist on type 'UseFactoriesReturn'.
src/hooks/useFactory.ts(11,5): error TS2724: '"../lib/factoryApi"' has no exported member named 'listFactoryLines'. Did you mean 'listFactories'?
src/hooks/useFactory.ts(13,5): error TS2305: Module '"../lib/factoryApi"' has no exported member 'createProductionLine'.
src/hooks/useFactory.ts(15,5): error TS2305: Module '"../lib/factoryApi"' has no exported member 'getProductionLine'.
src/hooks/useFactory.ts(17,10): error TS2305: Module '"../lib/factoryApi"' has no exported member 'ProductionLine'.
src/lib/ingestionApi.ts(25,5): error TS2305: Module '"../types/ingestion"' has no exported member 'AILayoutAnalysisResponse'.
src/lib/ingestionApi.ts(26,5): error TS2305: Module '"../types/ingestion"' has no exported member 'AIPreviewResponse'.
src/store/machine/index.ts(75,53): error TS2307: Cannot find module './serverSlice' or its corresponding type declarations.
src/store/machine/index.ts(76,55): error TS2307: Cannot find module './pendingSlice' or its corresponding type declarations.
src/store/machine/index.ts(82,15): error TS2307: Cannot find module './selectors' or its corresponding type declarations.
